Gg, Gg, Gg, Gg, Gg, Gg, Gg^Efm, Gg, Gg, Gg, Gg^Es, Gg^Efm, Gs, Gg, Gs, Gs, Gg, Gg, Gg, Gg, Gs, Gg, Gg, Gg, Gg, Gg, Gg^Efm, Gg, Gs, Gs, Gs, Gg
Gg, Gd, Gg, Gd, Gd, Gs, Gg, Gg, Gg^Es, Gg, Gg, Gg, Gg, Gs, Gg, Gg, Gg, Gg, Gg, Gg^Es, Gg, Gg, Gs, Gg^Efm, Gg, Gg^Em, Gg, Gg, Gg^Dr, Gs, Gg^Dr, Gg
Gg, Gs^Em, Gg, Gs, Hhd, Hhd, Hhd, Hhd, Hhd, Hhd, Hh, Hh, Hh, Hh, Hh, Hh^Dr, Hh, Hh^Dr, Hh, Hhd, Hh, Hhd, Hhd, Hh, Hh, Hh, Hh, Hh, Hh^Vhh, Hhd, Hhd, Gg
Gg^Dr, Gg, Hh, Hhd, Hhd, Hhd, Hhd, Hhd, Hh, Hh, Mm, Hh, Mm, Mm, Mm, Hh, Mm, Hh, Mm, Hh, Mm, Hhd, Mm, Mm, Mm, Mm, Mm, Hh, Mm, Hhd, Mm, Hhd
Hhd, Hh, Hh, Mm, Mm, Hh^Vhh, Mm, Mm, Mm, Mm, Mm, Mm, Mm, Mm, Mm, Mm, Mm, Mm, Mm, Mm, Mm, Mm, Mm, Mm, Mm, Mm, Mm, Mm, Mm, Mm, Xue, Mm
Hh^Vhh, Hhd, Mm, Mm, Mm, Mm, Mm, Mm, Mm, Mm, Mm, Mm, Mm, Mm, Mm, Mm, Mm, Mm, Xue, Mm, Xue, Mm, Mm, Mm, Mm, Mm, Xue, Mm, Xue, Xue, Xue, Xue
Mm, Mm, Mm, Mm, Xue, Xue, Xue, Xue, Xue, Xue, Xom, Uu^Br|, Xom, Mm, Mm, Mm, Xue, Xue, Xue, Xue, Xue, Xue, Xue, Xue, Xue, Xue, Xue, Xue, Xue, Xue, Xue, Xue
Mm, Mm, Xue, Xue, Xue, Xue, Xue, Xue, Xue, Xue, Xom, Uu^Br|, Xom, Xue, Xue, Uue^Ii, Xue, Xue, Xue, Xue, Xue, Xue, Xue, Xue, Xue, Xue, Xue, Xue, Xue, Xue, Xue, Xue
Xue, Xue, Xue, Xue, Xue, Xue, Xue, Xue, Xue, Xue, Uue^Ii, Uu^Br|, Xom, Xue, Xue, Uue^Ii, Uue^Ii, Xue, Uue^Ii, Xue, Xue, Xue, Xue, Xue, Xue, Xue, Xue, Xue, Xue, Xue, Xue, Xue
Xue, Xue, Xue, Xue, Xue, Xue, Xue, Xue, Xue, Xue, Uue^Ii, Uu^Br|, Xom, Xue, Xue, Xue, Xue, Uue^Ii, Uue^Ii, Uue^Ii, Uue^Ii, Xue, Xue, Xue, Xue, Xue, Xue, Xue, Xue, Xue, Xue, Xue
Xue, Xue, Xue, Xue, Xue, Xue, Xue, Xue, Uue^Ii, Uue^Ii, Uue^Ii, Uu^Br\, Uu^Br\, Xom, Xom, Xue, Xue, Xue, Xue, Uue^Ii, Uue, Xue, Xue, Xue, Xu, Xue, Xue, Xue, Xue, Xue, Xue, Xue
Xue, Xue, Xue, Xue, Xue, Xue, Xue, Uue^Ii, Uue^Ii, Uue^Ii, Uue^Ii, Uue^Ii, Uue^Ii, Uu^Br\, Uu^Br\, Xom, Xom, Xue, Xue, Uue, Uue, Xue, Xue, Xue, Xu, Xue, Xue, Xue, Xue, Xue, Xue, Xue
Xue, Xue, Xue, Xue, Xue, Xue, Xue, Uue^Ii, Uue^Ii, Uue^Ii, Uue^Ii, Uue^Ii, Uue^Ii, Uue^Ii, Uue^Ii, Uu^Br\, Uu^Br\, Xom, Xue, Uue, Uue, Xue, Xue, Xue, Xue, Xue, Cud, Xue, Xue, Xue, Xue, Xue
Xue, Xue, Urb^Ii, Xue, Xue, Xue, Xue, Xue, Uue, Uue^Ii, 5 Uue, Uue^Ii, Xue, Uue^Ii, Xue, Uue^Ii, Uue^Ii, Uu^Br\, Xue, Uue, Uue, Xue, Xue, Xue, Cud, Cud, 2 Kud, Cud, Xue, Xue, Xue, Xue
Xue, Xue, Xue, Uu, Xue, Xue, Uue, Uue, Uue^Edt, Uue, Uue, Uue, Xue, Xue, Xue, Xue, Xue, Xom, Xue, Tb^Tf, Uu^Qhu, Xue, Xue, Xue, Cud, Cud, Cud, Cud, Xue, Xue, Xue, Xue
Xue, Xue, Xue, Xue, Uue, Uue, Uue, Uue, Uue, Uue, Uue, Xue, Xue, Xue, Xue, Xue, Xue, Xue, Xue, Xue^Qhu, Uu^Qhu, Xue, Xue, Xue, Urb, Cud, Urb, Urb^Ebn, Xue, Xue, Xue, Xue
Xue, Xue, Xue, Uue^Vu, Uue, Uue, Uue, Uue^Edb, Uue, Uue, Xue, Xue, Xue, Xue, Xue, Uu^Ii, Uu, Xue, Xue, Xue^Qhu, Uu^Qhu, Xue, Urb, Urb, Urb, Urb, Xom, Xue, Xue, Xue, Xom, Xom
Xue, Xue, Uue, Uue, Uue, Uue, Uue, Uue, Xue, Xue, Xue, Xue, Uhe^Emf, Xue, Xue, Xue, Xue, Xue, Uu^Qhu, Uu^Qhu, Uu, Uu^Qhu, Uu^Qhu, Urb, Xom, Uu^Br\, Uu^Br\, Xom, Xom, Xom, Uu^Br/, Uu^Br/
Xue, Xue, Uue, Uue^Edb, Uue, Uue, Xue, Xue, Xue, Xue, Cte, Uhe^Emf, Uhe^Emf, Uhe^Emf, Uhe^Emf, Xue, Uu^Qhu, Uu^Qhu, Uu, Uu^Vud, Uu, Uu, Uu^Qhu, Xue, Xue, Xom, Xom, Uu^Br\, Uu^Br\, Uu^Br/, Xom, Xom
Xue, Xue, Uue, Uue, Uue, Uue, Xue, Xue, Xue, Cte, 3 Kte, Cte, Uhe, Uhe, Uhe, Uhe, Uu^Qhu, Uu^Vud, Uu, Uu^_ml, Uu, Uu, Uu^Qhu, Xue, Xue, Xue, Xue, Xom, Xom, Uu^Br\, Uu^Br\, Xom
Xue, Xue, Uue, Uue^Edb, Uue, Uue, Xue, Xue, Xue, Cte, Cte, Cte, Uhe, Uhe^Edb, Uhe, Uu^Qhu, Uu^Qhu, Uu^Qhu, Uu^Qhu, Uu, Uu, Uu^Vud, Uu, Uu^Qhu, Uu^Qhu, Xue, Xue, Xue, Xue, Xom, Xom, Uu^Br\
Xue, Xue, Uue^Vu, Uue, Uue, Uue^Vu, Xue, Xue, Xue, Xue, Uhe^Emf, Uhe, Uhe, Uhe, Uhe, Uhe^Edb, Xue, Xue, Xue, Uu^Qhu, Uu^Qhu, Uu^Qhu, Uu^Qhu, Uu, Uu^Vud, Uu^Qhu, Xue, Xue, Xue, Xue, Xue, Xue
Xue, Xue, Xue, Uue, Uue, Uue, Uue, Xue, Xue, Xue, Xue, Uhe^Emf, Xue, Uhe^Vu, Xue, Xue, Ql, Xue, Xue, Uh, Xue, Xue, Xue, Uu^Qhu, Uu^Qhu, Uu^Qhu, Uue, Xue, Xue, Xue, Xue, Xue
Xue, Xue, Xue, Uue, Uue, Uue, Uue^Edb, Uue, Uue, Xue, Xue, Xue, Xue, Xue, Ql, Ql, Ql, Ql, Xue, Uh, Xue, Ql, Ql, Xue, Xue, Uue, Uue, Uue, Xue, Xue, Xue, Xue
Xue, Xue, Xue, Xue, Xue, Uue, Uue, Uue, Uue, Uue, Uue^Edb, Xue, Xue, Xue, Ql, Ql, Ql, Ql, Xue, Uh, Uh^Vu, Xue, Ql, Ql, Xue, Uue, Uue, Uue, Xue, Xue, Xue, Xue
Xue, Xue, Xue, Xue, Xue, Xue, Uue, Uue^Edb, Uue, Uue, Gd^Vo, Xue, Xue, Xue, Xue, Ql, Ql, Ql, Ql, Uh, Ql, Ql, Ql, Ql, Xue, Uue, Uue^Edb, Uue^Edb, Xue, Xue, Xue, Xue
Xue, Xue, Xue, Xue, Xue, Xue, Xue, Uue, Uue^Edb, Uue, Uh, Xue, Xue, Xue, Urb^Ii, Xue, Xue, Ql, Ql, Ql, Ql, Ql, Ql, Ql, Xue, Uue, Uue, Tb^Tf, Xue, Xue, Xue, Xue
Xue, Xue, Xue, Xue, Xue, Xue, Xue, Xue, Uue, Uue, Uh, Uh^Emf, Xue, Uu, Xue, Xue, Xue, Ql, Xue, Ql, Xue, Ql, Ql, Xue, Uue, Uue, Tb, Xue, Xue, Xue, Xue, Xue
Xue, Xue, Xue, Xue, Xue, Xue, Xue, Xue, Uu, Uu, Uh^Edb, Uh^Emf, Xue, Xue, Xue, Xue, Xue, Xue, Tb^Tf, Xue, Tb^Tf, Xue, Xue, Xue, Uue, Uue, Tb^Tf, Xue, Xue, Xue, Xue, Xue
Xue, Xue, Xue, Xue, Xue, Xue, Xue, Xue, Uu, Uu, Uh, Uh, Uh, Uh^Emf, Uh^Emf, Xue, Uu^Ecf, Tb^Tf, Uu, Uu, Uu, Tb^Tf, Uue, Uue^Vu, Uue^Edb, Uue, Xue, Xue, Xue, Xue, Xue, Xue
Xue, Xue, Xue, Xue, Xue, Xue, Xue, Xue, Uu, Uh^Edb, Uh, Co, 4 Ko, Co, Uh, Uu, Uu, Uu, Uu, Uu, Uu, Uu, Uu, Uue, Uue, Uue, Xue, Xue, Xue, Xue, Xue, Xue
Xue, Xue, Xue, Xue, Xue, Xue, Xue, Uu^Vo, Uu, Uh, Uh, Uh, Co, Co, Uh, Uu^Edt, Uu^Vo, Uu^Emf, Uu^Emf, Uu^Emf, Xue, Uu, Uue, Uue, Uue^Edb, Uue, Xue, Xue, Xue, Xue, Xue, Xue
Xue, Xue, Xue, Xue, Xue, Xue, Xue, Tb, Uu, Uu, Uu, Uh, Uh, Uh, Uu, Uu, Xue, Xue, Xue, Xue, Xue, Xue, Xue, Uue, Uue, Uue, Xue, Xue, Xue, Xue, Xue, Xue
Xue, Xue, Xue, Xue, Xue, Xue, Xue, Qxe, Qxe, Uu, Tb, Uu, Uu, Uu, Qxe, Qxe, Xue, Xue, Xue, Xue, Xue, Xue, Xue, Uue^Vu, Uue, Uue, Uue, Xue, Xue, Xue, Xue, Xue
Xue, Xue, Xue, Xue, Xue, Xue, Xue, Xue, Xue, Xue, Xue, Tb, Xue, Qxe, Xue, Xue, Xue, Xue, Xue, Xue, Xue, Xue, Uu, Xue, Xue, Uue^Edb, Uue^Edt, Uue, Xue, Xue, Xue, Xue
Xue, Xue, Xue, Xue, Xue, Xue, Xue, Xue, Xue, Xue, Xue, Xue, Xue, Xue, Xue, Xue, Xue, Xue, Xue, Xue, Xue, Urb^Ii, Xue, Xue, Xue, Ce, Ce, Uue, Tb, Xue, Xue, Xue
Xue, Xue, Xue, Xue, Xue, Xue, Xue, Xue, Xue, Xue, Xue, Xue, Xue, Xue, Xue, Xue, Xue, Xue, Xue, Xue, Xue, Xue, Xue, Xue, Xue, Ce, 1 Ke, Ce, Uhe, Tb, Tb, Xue
Xue, Xue, Xue, Xue, Xue, Xue, Xue, Xue, Xue, Xue, Xue, Xue, Xue, Xue, Xue, Xue, Xue, Xue, Xue, Xue, Xue, Xue, Xue, Xue, Xue, Xue, Ce, Ce, Uhe, Uhe, Uhe, Uhe
Xue, Xue, Xue, Xue, Xue, Xue, Xue, Xue, Xue, Xue, Xue, Xue, Xue, Xue, Xue, Xue, Xue, Xue, Xue, Xue, Xue, Xue, Xue, Xue, Xue, Xue, Tb, Tb, Uue, Uhe, Uue, Uhe
