Gg, Gg, Gg^Efm, Gg, Gg, Gg, Gg, Gg, Gg, Gg, Gg, Gg, Gg, Gg, Gg, Gg, Gg, Gg, Gg, Gg, Hh, Gg, Hh, Gg, Hh, Gg, Gg
Gg, Gg, Gg, Gg, Gg, Gg, Gg, Gg, Gg, Gg^Em, Gg, Gg, Gg, Gg, Gg, Gg, Gg^Efm, Gg^Efm, Hh, Hh, Hh, Hh, Hh, Hh, Hh, Hh, Hh
Hh, Hh, Hh, Hh, Hh, Hh, Hh, Hh, Hh, Hh, Hh, Hh, Hh, Hh, Hh, Hh, Hh, Hh, Hh, Hh, Hh, Hh, Hh, Hh, Hh, Hh, Xue
Hh, Hh^Efm, Hh, Hh, Hh^Efm, Hh^Efm, Hh^Efm, Hh, Hh, Hh, Hh, Hh, Hh, Hh, Xue, Hh, Xue, Hh, Hh, Hh, Hh, Hh, Xue, Hh, Xue, Xue, Xue
Xue, Xue, Xue, Xue, Xue, Xue, Xom, Uu^Br|, Xom, Hh, Hh, Hh, Xue, Xue, Xue, Xue, Xue, Xue, Xue, Xue, Xue, Xue, Xue, Xue, Xue, Xue, Xue
Xue, Xue, Xue, Xue, Xue, Xue, Xom, Uu^Br|, Xom, Xue, Xue, Uue^Ii, Xue, Xue, Xue, Xue, Xue, Xue, Xue, Xue, Xue, Xue, Xue, Xue, Xue, Xue, Xue
Xue, Xue, Xue, Xue, Xue, Xue, Uu, Uu^Br|, Xom, Xue, Xue, Uue^Ii, Uue^Ii, Xue, Uue^Ii, Xue, Xue, Xue, Xue, Xue, Xue, Xue, Xue, Xue, Xue, Xue, Xue
Xue, Xue, Xue, Xue, Xue, Xue, Uu, Uu^Br|, Xom, Xue, Xue, Xue, Xue, Uue^Ii, Uue^Ii, Uue^Ii, Uue^Ii, Xue, Xue, Xue, Xue, Xue, Xue, Xue, Xue, Xue, Xue
Xue, Xue, Xue, Xue, Uu, Uu, Uu, Uu^Br\, Uu^Br\, Xom, Xom, Xue, Xue, Xue, Xue, Uue^Ii, Uue^Ii, Xue, Xue, Xue, Uu^Ii, Xue, Xue, Xue, Xue, Xue, Xue
Xue, Xue, Xue, Uu, Uu, Uu^Edb, Uu, Uu, Uu, Uu^Br\, Uu^Br\, Xom, Xom, Xue, Xue, Uue^Ii, Uue^Ii, Xue, Xue, Xue, Uu, Xue, Xue, Xue, Xue, Xue, Xue
Xue, Xue, Xue, Uu, Uu, Uu, Uu, Uu, Uu, Uu^Edb, Uu, Uu^Br\, Uu^Br\, Xom, Xue, Uue^Ii, Uue^Ii, Xue, Xue, Xue, Uu, Xue, Cud, Xue, Xue, Xue, Xue
Xue, Xue, Xue, Xue, Xue, Uu, 5 Uu^Edb, Uu, Xue, Uu, Xue, Uu, Uu, Uu^Br\, Uu^Br\, Uue^Ii, Uue^Ii, Xue, Xue, Xue, Cud, Cud, 2 Kud, Cud, Xue, Xue, Xue
Xue, Xue, Xue, Xue, Xue, Xue, Xue, Xue, Xue, Xue, Xue, Xue, Xue, Xom, Xue, Tb^Tfi, Uue^Qhu, Xue, Xue, Xue, Cud, Cud, Cud, Cud, Xue, Xue, Xue
Xue, Xue, Xue, Xue, Xue, Xue, Xue, Xue, Xue, Xue, Xue, Xue, Xue, Xue, Xue, Xue, Uue^Qhu, Xue, Xue, Xue, Urb, Cud, Urb, Urb, Xue, Xue, Xue
Xue, Xue, Xue, Xue, Xue, Xue, Xue, Xue, Xue, Xue, Xue, Uu^Ii, Uu, Xue, Xue, Xue, Uue^Qhu, Xue, Xue, Xue, Urb, Urb, Xom, Xue, Xue, Xue, Xue
Xue, Xue, Xue, Xue, Xue, Uhe^Emf, Uhe^Emf, Xue, Uhe^Emf, Xue, Xue, Xue, Xue, Uu, Uue^Qhu, Uue^Qhu, Uue, Uue^Qhu, Uue^Qhu, Urb, Xom, Uu^Br\, Uu^Br\, Xom, Xom, Xue, Xue
Xue, Xue, Xue, Xue, Uhe, Uhe^Emf, Cte, Uhe^Emf, Uhe^Emf, Uhe^Emf, Uhe^Emf, Xue, Uue^Qhu, Uue^Qhu, Uue, Uue^Vud, Uue, Uue, Uue^Qhu, Xue, Xue, Xom, Xom, Uu^Br\, Uu^Br\, Xom, Xom
Xue, Xue, Xue, Uhe, Uhe, Cte, 3 Kte, Cte, Uhe, Uhe, Uue^Qhu, Uue^Qhu, Uue, Uue^Vud, Uue, Uue^_ml, Uue, Uue, Uue^Qhu, Xue, Xue, Xue, Xue, Xom, Xom, Uu^Br\, Uu^Br\
Xue, Xue, Xue, Uhe, Uhe, Cte, Cte, Cte, Uhe, Uhe, Uue^Qhu, Uue, Uue^Qhu, Uue^Qhu, Uue^Qhu, Uue, Uue, Uue^Vud, Uue, Uue^Qhu, Uue^Qhu, Xue, Xue, Xue, Xue, Xom, Xom
Xue, Xue, Xue, Xue, Uhe, Uhe, Uhe, Uhe, Uhe, Uhe, Uhe, Uue^Qhu, Xue, Xue, Xue, Uue^Qhu, Uue^Qhu, Uue^Qhu, Uue^Qhu, Uue, Uue, Uue^Qhu, Xue, Xue, Xue, Xue, Xue
Xue, Xue, Xue, Xue, Xue, Uhe^Edb, Xue, Uhe, Xue, Uhe^Vu, Xue, Xue, Xue, Xue, Xue, Uhe, Xue, Xue, Xue, Uue^Qhu, Uue^Qhu, Uue^Qhu, Xue, Xue, Xue, Xue, Xue
Xue, Xue, Xue, Xue, Xue, Xue, Xue, Xue, Xue, Xue, Xue, Xue, Xue, Xue, Xue, Uhe^Edb, Xue, Ql, Ql, Xue, Xue, Uue, Uue^Edb, Xue, Xue, Xue, Xue
Xue, Xue, Xue, Xue, Xue, Xue, Xue, Xue, Xue, Xue, Xue, Xue, Xue, Xue, Xue, Uhe, Uhe^Vu, Xue, Ql, Ql, Xue, Uue, Uue, Xue, Xue, Xue, Xue
Xue, Xue, Xue, Xue, Xue, Xue, Xue, Xue, Xue, Xue, Xue, Xue, Ql, Ql, Xue, Uhe^Edb, Xue, Xue, Ql, Ql, Xue, Uue, Uue, Xue, Xue, Xue, Xue
Xue, Xue, Xue, Xue, Xue, Xue, Xue, Xue, Xue, Xue, Xue, Xue, Ql, Ql, Ql, Xue, Ql, Ql, Ql, Ql, Xue, Uue, Uue, Xue, Xue, Xue, Xue
Xue, Xue, Xue, Xue, Xue, Xue, Xue, Xue, Xue, Xue, Xue, Xue, Ql, Ql, Xue, Ql, Xue, Ql, Ql, Xue, Uue, Uue, Xue, Xue, Xue, Xue, Xue
Xue, Xue, Xue, Xue, Xue, Xue, Xue, Xue, Xue, Xue, Xue, Xue, Xue, Xue, Tb^Tf, Xue, Tb^Tf, Xue, Xue, Xue, Uue, Uue, Xue, Xue, Xue, Xue, Xue
Xue, Xue, Xue, Xue, Xue, Xue, Tb, Tb, Uhe, Uhe, Uhe, Xue, Uue, Tb^Tf, Uue, Uue, Uue, Tb^Tf, Uue^Edb, Uue^Vu, Uue, Uue, Xue, Xue, Xue, Xue, Xue
Xue, Xue, Xue, Xue, Xue, Xue, Tb, Co, 4 Ko, Co, Uhe, Uue, Uue, Uue, Uue, Uue, Uue, Uue, Uue, Uue, Uue, Xue, Xue, Xue, Xue, Xue, Xue
Xue, Xue, Xue, Xue, Xue, Xue, Xue, Uhe, Uhe, Co, Uhe, Uue, Uue^Vu, Uue^Edb, Uue^Emf, Uue^Emf, Xue, Xue, Xue, Uue, Uue, Xue, Xue, Xue, Xue, Xue, Xue
Xue, Xue, Xue, Xue, Xue, Xue, Xue, Xue, Xue, Uhe, Xue, Xue, Xue, Xue, Xue, Xue, Xue, Xue, Xue, Uue, Uue, Uue, Xue, Xue, Xue, Xue, Xue
Xue, Xue, Xue, Xue, Xue, Xue, Xue, Xue, Xue, Xue, Xue, Xue, Xue, Xue, Xue, Xue, Xue, Xue, Xue, Uue^Vu, Uue, Uue, Xue, Xue, Xue, Xue, Xue
Xue, Xue, Xue, Xue, Xue, Xue, Xue, Xue, Xue, Xue, Xue, Xue, Xue, Xue, Xue, Xue, Xue, Xue, Uu, Uu, Xue, Uue^Edb, Uue, Xue, Xue, Xue, Xue
Xue, Xue, Xue, Xue, Xue, Xue, Xue, Xue, Xue, Xue, Xue, Xue, Xue, Xue, Xue, Xue, Xue, Uu^Ii, Xue, Xue, Xue, Ce, Ce, Uue, Tb, Xue, Xue
Xue, Xue, Xue, Xue, Xue, Xue, Xue, Xue, Xue, Xue, Xue, Xue, Xue, Xue, Xue, Xue, Xue, Xue, Xue, Xue, Xue, Ce, 1 Ke, Ce, Uhe, Tb, Tb
Xue, Xue, Xue, Xue, Xue, Xue, Xue, Xue, Xue, Xue, Xue, Xue, Xue, Xue, Xue, Xue, Xue, Xue, Xue, Xue, Xue, Xue, Ce, Ce, Uhe, Uhe, Uhe
Xue, Xue, Xue, Xue, Xue, Xue, Xue, Xue, Xue, Xue, Xue, Xue, Xue, Xue, Xue, Xue, Xue, Xue, Xue, Xue, Xue, Xue, Tb, Tb, Uue, Uhe, Uue
